2026/04/15 10:49:17 [notice] 1#1: using the "epoll" event method
2026/04/15 10:49:17 [notice] 1#1: nginx/1.27.4
2026/04/15 10:49:17 [notice] 1#1: built by gcc 14.2.0 (Alpine 14.2.0) 
2026/04/15 10:49:17 [notice] 1#1: OS: Linux 6.10.14-linuxkit
2026/04/15 10:49:17 [notice] 1#1: getrlimit(RLIMIT_NOFILE): 1048576:1048576
2026/04/15 10:49:17 [notice] 1#1: start worker processes
2026/04/15 10:49:17 [notice] 1#1: start worker process 29
2026/04/15 10:49:17 [notice] 1#1: start worker process 30
2026/04/15 10:49:17 [notice] 1#1: start worker process 31
2026/04/15 10:49:17 [notice] 1#1: start worker process 32
2026/04/15 10:49:17 [notice] 1#1: start worker process 33
2026/04/15 10:49:17 [notice] 1#1: start worker process 34
2026/04/15 10:49:17 [notice] 1#1: start worker process 35
2026/04/15 10:49:17 [notice] 1#1: start worker process 36
2026/04/15 10:49:17 [notice] 1#1: start worker process 37
2026/04/15 10:49:17 [notice] 1#1: start worker process 38
2026/04/15 10:49:17 [notice] 1#1: start worker process 39
2026/04/15 10:49:17 [notice] 1#1: start worker process 40
2026/04/15 10:53:02 [notice] 1#1: signal 3 (SIGQUIT) received, shutting down
2026/04/15 10:53:02 [notice] 30#30: gracefully shutting down
2026/04/15 10:53:02 [notice] 36#36: gracefully shutting down
2026/04/15 10:53:02 [notice] 29#29: gracefully shutting down
2026/04/15 10:53:02 [notice] 29#29: exiting
2026/04/15 10:53:02 [notice] 31#31: gracefully shutting down
2026/04/15 10:53:02 [notice] 31#31: exiting
2026/04/15 10:53:02 [notice] 33#33: gracefully shutting down
2026/04/15 10:53:02 [notice] 35#35: gracefully shutting down
2026/04/15 10:53:02 [notice] 34#34: gracefully shutting down
2026/04/15 10:53:02 [notice] 30#30: exiting
2026/04/15 10:53:02 [notice] 33#33: exiting
2026/04/15 10:53:02 [notice] 37#37: gracefully shutting down
2026/04/15 10:53:02 [notice] 37#37: exiting
2026/04/15 10:53:02 [notice] 38#38: gracefully shutting down
2026/04/15 10:53:02 [notice] 38#38: exiting
2026/04/15 10:53:02 [notice] 39#39: gracefully shutting down
2026/04/15 10:53:02 [notice] 39#39: exiting
2026/04/15 10:53:02 [notice] 40#40: gracefully shutting down
2026/04/15 10:53:02 [notice] 40#40: exiting
2026/04/15 10:53:02 [notice] 36#36: exiting
2026/04/15 10:53:02 [notice] 32#32: gracefully shutting down
2026/04/15 10:53:02 [notice] 29#29: exit
2026/04/15 10:53:02 [notice] 31#31: exit
2026/04/15 10:53:02 [notice] 35#35: exiting
2026/04/15 10:53:02 [notice] 30#30: exit
2026/04/15 10:53:02 [notice] 32#32: exiting
2026/04/15 10:53:02 [notice] 32#32: exit
2026/04/15 10:53:02 [notice] 33#33: exit
2026/04/15 10:53:02 [notice] 34#34: exiting
2026/04/15 10:53:02 [notice] 37#37: exit
2026/04/15 10:53:02 [notice] 38#38: exit
2026/04/15 10:53:02 [notice] 39#39: exit
2026/04/15 10:53:02 [notice] 40#40: exit
2026/04/15 10:53:02 [notice] 36#36: exit
2026/04/15 10:53:02 [notice] 35#35: exit
2026/04/15 10:53:02 [notice] 34#34: exit
2026/04/15 10:53:02 [notice] 1#1: signal 17 (SIGCHLD) received from 33
2026/04/15 10:53:02 [notice] 1#1: worker process 30 exited with code 0
2026/04/15 10:53:02 [notice] 1#1: worker process 29 exited with code 0
2026/04/15 10:53:02 [notice] 1#1: worker process 32 exited with code 0
2026/04/15 10:53:02 [notice] 1#1: worker process 33 exited with code 0
2026/04/15 10:53:02 [notice] 1#1: signal 29 (SIGIO) received
2026/04/15 10:53:02 [notice] 1#1: signal 17 (SIGCHLD) received from 32
2026/04/15 10:53:02 [notice] 1#1: signal 17 (SIGCHLD) received from 38
2026/04/15 10:53:02 [notice] 1#1: worker process 31 exited with code 0
2026/04/15 10:53:02 [notice] 1#1: worker process 34 exited with code 0
2026/04/15 10:53:02 [notice] 1#1: worker process 35 exited with code 0
2026/04/15 10:53:02 [notice] 1#1: worker process 36 exited with code 0
2026/04/15 10:53:02 [notice] 1#1: worker process 37 exited with code 0
2026/04/15 10:53:02 [notice] 1#1: worker process 38 exited with code 0
2026/04/15 10:53:02 [notice] 1#1: worker process 39 exited with code 0
2026/04/15 10:53:02 [notice] 1#1: signal 29 (SIGIO) received
2026/04/15 10:53:02 [notice] 1#1: signal 17 (SIGCHLD) received from 39
2026/04/15 10:53:02 [notice] 1#1: signal 17 (SIGCHLD) received from 40
2026/04/15 10:53:02 [notice] 1#1: worker process 40 exited with code 0
2026/04/15 10:53:02 [notice] 1#1: exit
2026/04/15 11:04:46 [notice] 1#1: using the "epoll" event method
2026/04/15 11:04:46 [notice] 1#1: nginx/1.27.4
2026/04/15 11:04:46 [notice] 1#1: built by gcc 14.2.0 (Alpine 14.2.0) 
2026/04/15 11:04:46 [notice] 1#1: OS: Linux 6.10.14-linuxkit
2026/04/15 11:04:46 [notice] 1#1: getrlimit(RLIMIT_NOFILE): 1048576:1048576
2026/04/15 11:04:46 [notice] 1#1: start worker processes
2026/04/15 11:04:46 [notice] 1#1: start worker process 29
2026/04/15 11:04:46 [notice] 1#1: start worker process 30
2026/04/15 11:04:46 [notice] 1#1: start worker process 31
2026/04/15 11:04:46 [notice] 1#1: start worker process 32
2026/04/15 11:04:46 [notice] 1#1: start worker process 33
2026/04/15 11:04:46 [notice] 1#1: start worker process 34
2026/04/15 11:04:46 [notice] 1#1: start worker process 35
2026/04/15 11:04:46 [notice] 1#1: start worker process 36
2026/04/15 11:04:46 [notice] 1#1: start worker process 37
2026/04/15 11:04:46 [notice] 1#1: start worker process 38
2026/04/15 11:04:46 [notice] 1#1: start worker process 39
2026/04/15 11:04:46 [notice] 1#1: start worker process 40
2026/04/15 11:07:16 [notice] 1#1: signal 3 (SIGQUIT) received, shutting down
2026/04/15 11:07:16 [notice] 29#29: gracefully shutting down
2026/04/15 11:07:16 [notice] 32#32: gracefully shutting down
2026/04/15 11:07:16 [notice] 30#30: gracefully shutting down
2026/04/15 11:07:16 [notice] 30#30: exiting
2026/04/15 11:07:16 [notice] 31#31: gracefully shutting down
2026/04/15 11:07:16 [notice] 33#33: gracefully shutting down
2026/04/15 11:07:16 [notice] 35#35: gracefully shutting down
2026/04/15 11:07:16 [notice] 38#38: gracefully shutting down
2026/04/15 11:07:16 [notice] 38#38: exiting
2026/04/15 11:07:16 [notice] 29#29: exiting
2026/04/15 11:07:16 [notice] 34#34: gracefully shutting down
2026/04/15 11:07:16 [notice] 34#34: exiting
2026/04/15 11:07:16 [notice] 36#36: gracefully shutting down
2026/04/15 11:07:16 [notice] 34#34: exit
2026/04/15 11:07:16 [notice] 40#40: gracefully shutting down
2026/04/15 11:07:16 [notice] 32#32: exiting
2026/04/15 11:07:16 [notice] 37#37: gracefully shutting down
2026/04/15 11:07:16 [notice] 37#37: exiting
2026/04/15 11:07:16 [notice] 39#39: gracefully shutting down
2026/04/15 11:07:16 [notice] 37#37: exit
2026/04/15 11:07:16 [notice] 30#30: exit
2026/04/15 11:07:16 [notice] 31#31: exiting
2026/04/15 11:07:16 [notice] 33#33: exiting
2026/04/15 11:07:16 [notice] 35#35: exiting
2026/04/15 11:07:16 [notice] 38#38: exit
2026/04/15 11:07:16 [notice] 29#29: exit
2026/04/15 11:07:16 [notice] 36#36: exiting
2026/04/15 11:07:16 [notice] 40#40: exiting
2026/04/15 11:07:16 [notice] 32#32: exit
2026/04/15 11:07:16 [notice] 40#40: exit
2026/04/15 11:07:16 [notice] 39#39: exiting
2026/04/15 11:07:16 [notice] 31#31: exit
2026/04/15 11:07:16 [notice] 39#39: exit
2026/04/15 11:07:16 [notice] 33#33: exit
2026/04/15 11:07:16 [notice] 35#35: exit
2026/04/15 11:07:16 [notice] 36#36: exit
2026/04/15 11:07:16 [notice] 1#1: signal 17 (SIGCHLD) received from 40
2026/04/15 11:07:16 [notice] 1#1: worker process 29 exited with code 0
2026/04/15 11:07:16 [notice] 1#1: worker process 30 exited with code 0
2026/04/15 11:07:16 [notice] 1#1: worker process 31 exited with code 0
2026/04/15 11:07:16 [notice] 1#1: worker process 32 exited with code 0
2026/04/15 11:07:16 [notice] 1#1: worker process 33 exited with code 0
2026/04/15 11:07:16 [notice] 1#1: worker process 34 exited with code 0
2026/04/15 11:07:16 [notice] 1#1: worker process 37 exited with code 0
2026/04/15 11:07:16 [notice] 1#1: worker process 38 exited with code 0
2026/04/15 11:07:16 [notice] 1#1: worker process 39 exited with code 0
2026/04/15 11:07:16 [notice] 1#1: worker process 40 exited with code 0
2026/04/15 11:07:16 [notice] 1#1: signal 29 (SIGIO) received
2026/04/15 11:07:16 [notice] 1#1: signal 17 (SIGCHLD) received from 34
2026/04/15 11:07:16 [notice] 1#1: worker process 35 exited with code 0
2026/04/15 11:07:16 [notice] 1#1: worker process 36 exited with code 0
2026/04/15 11:07:16 [notice] 1#1: exit
2026/04/15 11:07:18 [notice] 1#1: using the "epoll" event method
2026/04/15 11:07:18 [notice] 1#1: nginx/1.27.4
2026/04/15 11:07:18 [notice] 1#1: built by gcc 14.2.0 (Alpine 14.2.0) 
2026/04/15 11:07:18 [notice] 1#1: OS: Linux 6.10.14-linuxkit
2026/04/15 11:07:18 [notice] 1#1: getrlimit(RLIMIT_NOFILE): 1048576:1048576
2026/04/15 11:07:18 [notice] 1#1: start worker processes
2026/04/15 11:07:18 [notice] 1#1: start worker process 29
2026/04/15 11:07:18 [notice] 1#1: start worker process 30
2026/04/15 11:07:18 [notice] 1#1: start worker process 31
2026/04/15 11:07:18 [notice] 1#1: start worker process 32
2026/04/15 11:07:18 [notice] 1#1: start worker process 33
2026/04/15 11:07:18 [notice] 1#1: start worker process 34
2026/04/15 11:07:18 [notice] 1#1: start worker process 35
2026/04/15 11:07:18 [notice] 1#1: start worker process 36
2026/04/15 11:07:18 [notice] 1#1: start worker process 37
2026/04/15 11:07:18 [notice] 1#1: start worker process 38
2026/04/15 11:07:18 [notice] 1#1: start worker process 39
2026/04/15 11:07:18 [notice] 1#1: start worker process 40
2026/05/14 07:29:38 [emerg] 1#1: host not found in upstream "php" in /etc/nginx/conf.d/default.conf:25
2026/05/14 07:29:48 [notice] 1#1: using the "epoll" event method
2026/05/14 07:29:48 [notice] 1#1: nginx/1.27.4
2026/05/14 07:29:48 [notice] 1#1: built by gcc 14.2.0 (Alpine 14.2.0) 
2026/05/14 07:29:48 [notice] 1#1: OS: Linux 6.10.14-linuxkit
2026/05/14 07:29:48 [notice] 1#1: getrlimit(RLIMIT_NOFILE): 1048576:1048576
2026/05/14 07:29:48 [notice] 1#1: start worker processes
2026/05/14 07:29:48 [notice] 1#1: start worker process 29
2026/05/14 07:29:48 [notice] 1#1: start worker process 30
2026/05/14 07:29:48 [notice] 1#1: start worker process 31
2026/05/14 07:29:48 [notice] 1#1: start worker process 32
2026/05/14 07:29:48 [notice] 1#1: start worker process 33
2026/05/14 07:29:48 [notice] 1#1: start worker process 34
2026/05/14 07:29:48 [notice] 1#1: start worker process 35
2026/05/14 07:29:48 [notice] 1#1: start worker process 36
2026/05/14 07:29:48 [notice] 1#1: start worker process 37
2026/05/14 07:29:48 [notice] 1#1: start worker process 38
2026/05/14 07:29:48 [notice] 1#1: start worker process 39
2026/05/14 07:29:48 [notice] 1#1: start worker process 40
2026/05/26 08:33:51 [emerg] 1#1: host not found in upstream "php" in /etc/nginx/conf.d/default.conf:25
2026/05/26 08:33:58 [notice] 1#1: using the "epoll" event method
2026/05/26 08:33:58 [notice] 1#1: nginx/1.27.4
2026/05/26 08:33:58 [notice] 1#1: built by gcc 14.2.0 (Alpine 14.2.0) 
2026/05/26 08:33:58 [notice] 1#1: OS: Linux 6.10.14-linuxkit
2026/05/26 08:33:58 [notice] 1#1: getrlimit(RLIMIT_NOFILE): 1048576:1048576
2026/05/26 08:33:58 [notice] 1#1: start worker processes
2026/05/26 08:33:58 [notice] 1#1: start worker process 29
2026/05/26 08:33:58 [notice] 1#1: start worker process 30
2026/05/26 08:33:58 [notice] 1#1: start worker process 31
2026/05/26 08:33:58 [notice] 1#1: start worker process 32
2026/05/26 08:33:58 [notice] 1#1: start worker process 33
2026/05/26 08:33:58 [notice] 1#1: start worker process 34
2026/05/26 08:33:58 [notice] 1#1: start worker process 35
2026/05/26 08:33:58 [notice] 1#1: start worker process 36
2026/05/26 08:33:58 [notice] 1#1: start worker process 37
2026/05/26 08:33:58 [notice] 1#1: start worker process 38
2026/05/26 08:33:58 [notice] 1#1: start worker process 39
2026/05/26 08:33:58 [notice] 1#1: start worker process 40
